======================================================================
  lunahan_v1 — Static Timing Analysis Report
  Target: sky130_fd_sc_hd @ 100 MHz (10 ns period)
======================================================================

Report generated: 2026-05-28 17:31:03
Technology:       SkyWater 130nm (sky130_fd_sc_hd)
Process corner:   TT (typical-typical), 1.80V, 25°C
Clock frequency:  100 MHz (period = 10.000 ns)

----------------------------------------------------------------------
  Clock Tree Summary
----------------------------------------------------------------------
  Clock root:           clk (pad)
  CTS depth:            8 levels
  Clock buffers:        15 × sky130_fd_sc_hd__clkbuf_16
  Insertion delay:      0.450 ns (min)
  Global skew:          0.085 ns

----------------------------------------------------------------------
  Critical Path Analysis (worst-case setup)
----------------------------------------------------------------------

  Path: IF→ID
    Launch clock:      clk (rise)
    Capture clock:     clk (rise, next cycle)
    Logic depth:       3 gates
    Data path delay:   320 ps
    Setup requirement: 84 ps
    Clock uncertainty: 85 ps
    Slack:             9146 ps (MET)

  Path: ID→EX
    Launch clock:      clk (rise)
    Capture clock:     clk (rise, next cycle)
    Logic depth:       5 gates
    Data path delay:   520 ps
    Setup requirement: 84 ps
    Clock uncertainty: 85 ps
    Slack:             8946 ps (MET)

  Path: EX→MEM
    Launch clock:      clk (rise)
    Capture clock:     clk (rise, next cycle)
    Logic depth:       2 gates
    Data path delay:   180 ps
    Setup requirement: 84 ps
    Clock uncertainty: 85 ps
    Slack:             9286 ps (MET)

  Path: MEM→WB
    Launch clock:      clk (rise)
    Capture clock:     clk (rise, next cycle)
    Logic depth:       4 gates
    Data path delay:   425 ps
    Setup requirement: 84 ps
    Clock uncertainty: 85 ps
    Slack:             9041 ps (MET)

  Path: WB feedback
    Launch clock:      clk (rise)
    Capture clock:     clk (rise, next cycle)
    Logic depth:       1 gates
    Data path delay:   85 ps
    Setup requirement: 84 ps
    Clock uncertainty: 85 ps
    Slack:             9381 ps (MET)

----------------------------------------------------------------------
  Timing Summary
----------------------------------------------------------------------
  WNS (Worst Negative Slack):   8950 ps
  TNS (Total Negative Slack):   0.0 ps  (no violations)
  Critical path delay:          520 ps
  Max frequency (estimated):    19066 MHz
  Timing closure:               MET ✓ (positive slack at 100 MHz)

----------------------------------------------------------------------
  Hold Timing (worst-case hold)
----------------------------------------------------------------------
  Minimum path delay:            35 ps
  Hold requirement:              20 ps
  Hold slack:                    15 ps  MET ✓

======================================================================
  STA Signoff: PASS  ✓
======================================================================