============================================================
  lunahan_v1 — Area & Utilization Report
============================================================

Cell Type                                   Count    Area(μm²)     Total(μm²)
--------------------------------------------------------------------------
  dff_1                                      1224        15.46       18923.04
  mux2_1                                      350        10.30        3605.00
  inv_1                                       250         5.15        1287.50
  nand2_1                                     200         5.15        1030.00
  and2_1                                      180         7.73        1391.40
  or2_1                                       150         7.73        1159.50
  buf_1                                       120         5.15         618.00
  nor2_1                                      100         5.15         515.00
  xor2_1                                       80        10.30         824.00
  fa_1                                         32        23.18         741.76
  clkbuf_16                                    15        25.77         386.55
  ha_1                                          5        15.46          77.30
--------------------------------------------------------------------------
  TOTAL                                      2706                    30559.05

  Standard cell area:       30559.05 μm²
  Core utilization:       65.0%
  Core area (estimated):    47013.92 μm²  (217 × 217 μm)
  Die area (with margin):   56087.00 μm²  (237 × 237 μm)
  Die area:                   0.0561 mm²

  Target: < 1.0 mm²     Status: MET ✓

============================================================